{"level":"info","message":"Kafka is disabled, skipping connection","timestamp":"2025-08-04T03:58:16.663Z"}
{"date":"Mon Aug 04 2025 09:28:16 GMT+0530 (India Standard Time)","error":{"address":"::","code":"EADDRINUSE","errno":-48,"port":3000,"syscall":"listen"},"level":"error","message":"unhandledRejection: listen EADDRINUSE: address already in use :::3000\nError: listen EADDRINUSE: address already in use :::3000\n    at Server.setupListenHandle [as _listen2] (node:net:1907:16)\n    at listenInCluster (node:net:1964:12)\n    at Server.listen (node:net:2066:7)\n    at ExpressAdapter.listen (/Users/seenivasan/Documents/personal/Projects/Time2Crack/node_modules/@nestjs/platform-express/adapters/express-adapter.js:95:32)\n    at /Users/seenivasan/Documents/personal/Projects/Time2Crack/node_modules/@nestjs/core/nest-application.js:183:30\n    at new Promise (<anonymous>)\n    at NestApplication.listen (/Users/seenivasan/Documents/personal/Projects/Time2Crack/node_modules/@nestjs/core/nest-application.js:173:16)\n    at process.processTicksAndRejections (node:internal/process/task_queues:105:5)\n    at async bootstrap (/Users/seenivasan/Documents/personal/Projects/Time2Crack/src/main.ts:39:3)","os":{"loadavg":[2.0302734375,2.1875,2.076171875],"uptime":1035114},"process":{"argv":["/Users/seenivasan/.nvm/versions/node/v22.11.0/bin/node","/Users/seenivasan/Documents/personal/Projects/Time2Crack/dist/main"],"cwd":"/Users/seenivasan/Documents/personal/Projects/Time2Crack","execPath":"/Users/seenivasan/.nvm/versions/node/v22.11.0/bin/node","gid":20,"memoryUsage":{"arrayBuffers":60408,"external":2386538,"heapTotal":98254848,"heapUsed":62798168,"rss":159350784},"pid":10177,"uid":501,"version":"v22.11.0"},"rejection":true,"stack":"Error: listen EADDRINUSE: address already in use :::3000\n    at Server.setupListenHandle [as _listen2] (node:net:1907:16)\n    at listenInCluster (node:net:1964:12)\n    at Server.listen (node:net:2066:7)\n    at ExpressAdapter.listen (/Users/seenivasan/Documents/personal/Projects/Time2Crack/node_modules/@nestjs/platform-express/adapters/express-adapter.js:95:32)\n    at /Users/seenivasan/Documents/personal/Projects/Time2Crack/node_modules/@nestjs/core/nest-application.js:183:30\n    at new Promise (<anonymous>)\n    at NestApplication.listen (/Users/seenivasan/Documents/personal/Projects/Time2Crack/node_modules/@nestjs/core/nest-application.js:173:16)\n    at process.processTicksAndRejections (node:internal/process/task_queues:105:5)\n    at async bootstrap (/Users/seenivasan/Documents/personal/Projects/Time2Crack/src/main.ts:39:3)","timestamp":"2025-08-04T03:58:16.680Z","trace":[{"column":16,"file":"node:net","function":"Server.setupListenHandle [as _listen2]","line":1907,"method":"setupListenHandle [as _listen2]","native":false},{"column":12,"file":"node:net","function":"listenInCluster","line":1964,"method":null,"native":false},{"column":7,"file":"node:net","function":"Server.listen","line":2066,"method":"listen","native":false},{"column":32,"file":"/Users/seenivasan/Documents/personal/Projects/Time2Crack/node_modules/@nestjs/platform-express/adapters/express-adapter.js","function":"ExpressAdapter.listen","line":95,"method":"listen","native":false},{"column":30,"file":"/Users/seenivasan/Documents/personal/Projects/Time2Crack/node_modules/@nestjs/core/nest-application.js","function":null,"line":183,"method":null,"native":false},{"column":null,"file":null,"function":"new Promise","line":null,"method":null,"native":false},{"column":16,"file":"/Users/seenivasan/Documents/personal/Projects/Time2Crack/node_modules/@nestjs/core/nest-application.js","function":"NestApplication.listen","line":173,"method":"listen","native":false},{"column":5,"file":"node:internal/process/task_queues","function":"process.processTicksAndRejections","line":105,"method":"processTicksAndRejections","native":false},{"column":3,"file":"/Users/seenivasan/Documents/personal/Projects/Time2Crack/src/main.ts","function":"async bootstrap","line":39,"method":null,"native":false}]}
{"level":"info","message":"Kafka is disabled, skipping connection","timestamp":"2025-08-04T04:10:17.609Z"}
{"level":"info","message":"Application is running on: http://localhost:3000","timestamp":"2025-08-04T04:10:17.623Z"}
{"level":"info","message":"Swagger documentation: http://localhost:3000/api-docs","timestamp":"2025-08-04T04:10:17.623Z"}
{"level":"info","message":"Health check: http://localhost:3000/api/health","timestamp":"2025-08-04T04:10:17.624Z"}
{"level":"info","message":"Kafka is disabled, skipping connection","timestamp":"2025-08-04T04:10:35.001Z"}
{"level":"info","message":"Application is running on: http://localhost:3000","timestamp":"2025-08-04T04:10:35.010Z"}
{"level":"info","message":"Swagger documentation: http://localhost:3000/api-docs","timestamp":"2025-08-04T04:10:35.010Z"}
{"level":"info","message":"Health check: http://localhost:3000/api/health","timestamp":"2025-08-04T04:10:35.011Z"}
{"level":"info","message":"Kafka is disabled, skipping connection","timestamp":"2025-08-04T04:10:45.136Z"}
{"level":"info","message":"Application is running on: http://localhost:3000","timestamp":"2025-08-04T04:10:45.149Z"}
{"level":"info","message":"Swagger documentation: http://localhost:3000/api-docs","timestamp":"2025-08-04T04:10:45.149Z"}
{"level":"info","message":"Health check: http://localhost:3000/api/health","timestamp":"2025-08-04T04:10:45.149Z"}
{"level":"info","message":"Kafka is disabled, skipping connection","timestamp":"2025-08-04T04:10:58.589Z"}
{"level":"info","message":"Application is running on: http://localhost:3000","timestamp":"2025-08-04T04:10:58.601Z"}
{"level":"info","message":"Swagger documentation: http://localhost:3000/api-docs","timestamp":"2025-08-04T04:10:58.601Z"}
{"level":"info","message":"Health check: http://localhost:3000/api/health","timestamp":"2025-08-04T04:10:58.601Z"}
{"level":"info","message":"Kafka is disabled, skipping connection","timestamp":"2025-08-04T04:11:20.570Z"}
{"level":"info","message":"Application is running on: http://localhost:3000","timestamp":"2025-08-04T04:11:20.581Z"}
{"level":"info","message":"Swagger documentation: http://localhost:3000/api-docs","timestamp":"2025-08-04T04:11:20.581Z"}
{"level":"info","message":"Health check: http://localhost:3000/api/health","timestamp":"2025-08-04T04:11:20.581Z"}
{"level":"info","message":"Kafka is disabled, skipping connection","timestamp":"2025-08-04T04:11:34.812Z"}
{"level":"info","message":"Application is running on: http://localhost:3000","timestamp":"2025-08-04T04:11:34.822Z"}
{"level":"info","message":"Swagger documentation: http://localhost:3000/api-docs","timestamp":"2025-08-04T04:11:34.822Z"}
{"level":"info","message":"Health check: http://localhost:3000/api/health","timestamp":"2025-08-04T04:11:34.822Z"}
